Microchip MPLAB XC8 Compiler V2.35

Linker command line:

-W-3 --edf=C:\Program Files\Microchip\xc8\v2.35\pic\dat\en_msgs.txt -cn \
  -h+dist/default/production\PostLab8.X.production.sym \
  --cmf=dist/default/production\PostLab8.X.production.cmf -z -Q16F887 \
  -oC:\Users\jorge\AppData\Local\Temp\xcAs9v8.4 --defsym=__MPLAB_BUILD=1 \
  -Mdist/default/production/PostLab8.X.production.map \
  --md=C:\Users\jorge\AppData\Local\Temp\xcAs9v8.dat -E1 -ver=XC8 Compiler \
  --acfsm=1493 -ACODE=00h-07FFhx4 -ASTRCODE=00h-01FFFh -ASTRING=00h-0FFhx32 \
  -ACONST=00h-0FFhx32 -AENTRY=00h-0FFhx32 -ACOMMON=070h-07Fh \
  -ABANK0=020h-06Fh -ABANK1=0A0h-0EFh -ABANK2=0110h-016Fh \
  -ABANK3=0190h-01EFh -ARAM=020h-06Fh,0A0h-0EFh,0110h-016Fh,0190h-01EFh \
  -AABS1=020h-07Fh,0A0h-0EFh,0110h-016Fh,0190h-01EFh -ASFR0=00h-01Fh \
  -ASFR1=080h-09Fh -ASFR2=0100h-010Fh -ASFR3=0180h-018Fh \
  -ACONFIG=02007h-02008h -DCONFIG=2 -AIDLOC=02000h-02003h -DIDLOC=2 \
  -AEEDATA=00h-0FFh/02100h -peeprom_data=EEDATA -DEEDATA=2 -DCODE=2 \
  -DSTRCODE=2 -DSTRING=2 -DCONST=2 -DENTRY=2 \
  -preset_vec=00h,intentry=04h,init,end_init -ppowerup=CODE -pcinit=CODE \
  -pfunctab=ENTRY -k C:\Users\jorge\AppData\Local\Temp\xcAs9v8.o \
  dist/default/production\PostLab8.X.production.o 

Object code version is 3.11

Machine type is 16F887



                Name                               Link     Load   Length Selector   Space Scale
C:\Users\jorge\AppData\Local\Temp\xcAs9v8.o
                end_init                              E        E        3        8       0
                reset_vec                             0        0        3        0       0
                config                             2007     2007        2        0       4
                idloc                              2000     2000        4        0       5
dist/default/production\PostLab8.X.production.o
                cinit                                11       11       1E        8       0
                intentry                              4        4        A        8       0
                config                             2007     2007        2        0       4
                idloc                              2000     2000        4        0       5
                text8                               2FA      2FA       25        8       0
                text7                               1FB      1FB       69        8       0
                text6                               121      121       71        8       0
                text5                               192      192       69        8       0
                text4                               264      264       5B        8       0
                text3                                2F       2F       7B        8       0
                text2                               2BF      2BF       3B        8       0
                text1                               346      346        D        8       0
                maintext                             AA       AA       77        8       0
                cstackBANK0                          20       20       26       20       1
                cstackCOMMON                         70       70        B       70       1
                cstackBANK1                          A0       A0        6       A0       1
                inittext                            333      333       13        8       0
                dataBANK0                            46       46       14       20       1
                bssBANK0                             5A       5A        9       20       1
                bssCOMMON                            7B       7B        3       70       1
                idataBANK0                          31F      31F       14        8       0

TOTAL           Name                               Link     Load   Length     Space
        CLASS   CODE           
                end_init                              E        E        3         0
                cinit                                11       11       1E         0
                intentry                              4        4        A         0
                reset_vec                             0        0        3         0
                text8                               2FA      2FA       25         0
                text7                               1FB      1FB       69         0
                text6                               121      121       71         0
                text5                               192      192       69         0
                text4                               264      264       5B         0
                text3                                2F       2F       7B         0
                text2                               2BF      2BF       3B         0
                text1                               346      346        D         0
                maintext                             AA       AA       77         0
                inittext                            333      333       13         0
                idataBANK0                          31F      31F       14         0

        CLASS   STRCODE        

        CLASS   STRING         

        CLASS   CONST          

        CLASS   ENTRY          

        CLASS   COMMON         
                cstackCOMMON                         70       70        B         1
                bssCOMMON                            7B       7B        3         1

        CLASS   BANK0          
                cstackBANK0                          20       20       26         1
                dataBANK0                            46       46       14         1
                bssBANK0                             5A       5A        9         1

        CLASS   BANK1          
                cstackBANK1                          A0       A0        6         1

        CLASS   BANK2          

        CLASS   BANK3          

        CLASS   RAM            

        CLASS   ABS1           
                abs_s1                               7E       7E        2         1

        CLASS   SFR0           

        CLASS   SFR1           

        CLASS   SFR2           

        CLASS   SFR3           

        CLASS   CONFIG         
                config                             2007     2007        2         4

        CLASS   IDLOC          
                idloc                              2000     2000        4         5

        CLASS   EEDATA         

        CLASS   STACK          



SEGMENTS        Name                           Load    Length   Top    Selector   Space  Class     Delta

                reset_vec                      000000  000003  000003         0       0  CODE        2
                intentry                       000004  00034F  000353         8       0  CODE        2
                cstackBANK0                    000020  000043  000063        20       1  BANK0       1
                cstackCOMMON                   000070  00000E  00007E        70       1  COMMON      1
                cstackBANK1                    0000A0  000006  0000A6        A0       1  BANK1       1


UNUSED ADDRESS RANGES

        Name                Unused          Largest block    Delta
        BANK0            0063-006F              D           1
        BANK1            00A6-00EF             4A           1
        BANK2            0110-016F             60           1
        BANK3            0190-01EF             60           1
        CODE             0003-0003              1           2
                         0353-1FFF            800
        CONST            0003-0003              1           2
                         0353-1FFF            100
        EEDATA           2100-21FF            100           2
        ENTRY            0003-0003              1           2
                         0353-1FFF            100
        RAM              0063-006F              D           1
                         00A6-00EF             4A
                         0110-016F             60
                         0190-01EF             60
        SFR0             0000-001F             20           1
        SFR1             0080-009F             20           1
        SFR2             0100-010F             10           1
        SFR3             0180-018F             10           1
        STRCODE          0003-0003              1           2
                         0353-1FFF           1CAD
        STRING           0003-0003              1           2
                         0353-1FFF            100

                                  Symbol Table

?___awdiv                cstackBANK0  0028
?___awmod                cstackBANK0  0028
?___wmul                 cstackCOMMON 0070
?_function               cstackBANK0  0031
?i1___awdiv              cstackCOMMON 0076
_ADCON0bits              (abs)        001F
_ADCON1bits              (abs)        009F
_ADRESH                  (abs)        001E
_ANSEL                   (abs)        0188
_ANSELH                  (abs)        0189
_INTCONbits              (abs)        000B
_OPTION_REGbits          (abs)        0081
_OSCCONbits              (abs)        008F
_PIE1bits                (abs)        008C
_PIR1bits                (abs)        000C
_PORTA                   (abs)        0005
_PORTC                   (abs)        0007
_PORTD                   (abs)        0008
_PORTE                   (abs)        0009
_TMR0                    (abs)        0001
_TRISA                   (abs)        0085
_TRISC                   (abs)        0087
_TRISD                   (abs)        0088
_TRISE                   (abs)        0089
__Habs1                  abs1         0000
__Hbank0                 bank0        0000
__Hbank1                 bank1        0000
__Hbank2                 bank2        0000
__Hbank3                 bank3        0000
__HbssBANK0              bssBANK0     0000
__HbssCOMMON             bssCOMMON    0000
__Hcinit                 cinit        002F
__Hclrtext               clrtext      0000
__Hcode                  code         0000
__Hcommon                common       0000
__Hconfig                config       2009
__HcstackBANK0           cstackBANK0  0000
__HcstackBANK1           cstackBANK1  0000
__HcstackCOMMON          cstackCOMMON 0000
__HdataBANK0             dataBANK0    0000
__Heeprom_data           eeprom_data  0000
__Hend_init              end_init     0011
__Hfunctab               functab      0000
__HidataBANK0            idataBANK0   0000
__Hidloc                 idloc        2004
__Hinit                  init         000E
__Hinittext              inittext     0000
__Hintentry              intentry     000E
__Hmaintext              maintext     0000
__Hpowerup               powerup      0000
__Hram                   ram          0000
__Hreset_vec             reset_vec    0003
__Hsfr0                  sfr0         0000
__Hsfr1                  sfr1         0000
__Hsfr2                  sfr2         0000
__Hsfr3                  sfr3         0000
__Hspace_0               (abs)        0353
__Hspace_1               (abs)        00A6
__Hspace_2               (abs)        0000
__Hspace_3               (abs)        0000
__Hspace_4               (abs)        4010
__Hstack                 stack        0000
__Hstrings               strings      0000
__Htext                  text         0000
__Labs1                  abs1         0000
__Lbank0                 bank0        0000
__Lbank1                 bank1        0000
__Lbank2                 bank2        0000
__Lbank3                 bank3        0000
__LbssBANK0              bssBANK0     0000
__LbssCOMMON             bssCOMMON    0000
__Lcinit                 cinit        0011
__Lclrtext               clrtext      0000
__Lcode                  code         0000
__Lcommon                common       0000
__Lconfig                config       0000
__LcstackBANK0           cstackBANK0  0000
__LcstackBANK1           cstackBANK1  0000
__LcstackCOMMON          cstackCOMMON 0000
__LdataBANK0             dataBANK0    0000
__Leeprom_data           eeprom_data  0000
__Lend_init              end_init     000E
__Lfunctab               functab      0000
__LidataBANK0            idataBANK0   0000
__Lidloc                 idloc        0000
__Linit                  init         000E
__Linittext              inittext     0000
__Lintentry              intentry     0004
__Lmaintext              maintext     0000
__Lpowerup               powerup      0000
__Lram                   ram          0000
__Lreset_vec             reset_vec    0000
__Lsfr0                  sfr0         0000
__Lsfr1                  sfr1         0000
__Lsfr2                  sfr2         0000
__Lsfr3                  sfr3         0000
__Lspace_0               (abs)        0000
__Lspace_1               (abs)        0000
__Lspace_2               (abs)        0000
__Lspace_3               (abs)        0000
__Lspace_4               (abs)        0000
__Lstack                 stack        0000
__Lstrings               strings      0000
__Ltext                  text         0000
__S0                     (abs)        0353
__S1                     (abs)        00A6
__S3                     (abs)        0000
___awdiv                 text5        0192
___awdiv@counter         cstackBANK0  002D
___awdiv@dividend        cstackBANK0  002A
___awdiv@divisor         cstackBANK0  0028
___awdiv@quotient        cstackBANK0  002F
___awdiv@sign            cstackBANK0  002E
___awmod                 text4        0264
___awmod@counter         cstackBANK0  002D
___awmod@dividend        cstackBANK0  002A
___awmod@divisor         cstackBANK0  0028
___awmod@sign            cstackBANK0  002E
___int_sp                stack        0000
___latbits               (abs)        0002
___sp                    stack        0000
___stackhi               (abs)        0000
___stacklo               (abs)        0000
___wmul                  text8        02FA
___wmul@multiplicand     cstackCOMMON 0072
___wmul@multiplier       cstackCOMMON 0070
___wmul@product          cstackCOMMON 0074
__end_of___awdiv         text5        01FB
__end_of___awmod         text4        02BF
__end_of___wmul          text8        031F
__end_of__initialization cinit        002B
__end_of_function        text3        00AA
__end_of_isr             text6        0192
__end_of_main            maintext     0121
__end_of_setup           text2        02FA
__end_of_tmr0_setup      text1        0353
__end_ofi1___awdiv       text7        0264
__initialization         cinit        0011
__pbssBANK0              bssBANK0     005A
__pbssCOMMON             bssCOMMON    007B
__pcstackBANK0           cstackBANK0  0020
__pcstackBANK1           cstackBANK1  00A0
__pcstackCOMMON          cstackCOMMON 0070
__pdataBANK0             dataBANK0    0046
__pidataBANK0            idataBANK0   031F
__pintentry              intentry     0004
__pmaintext              maintext     00AA
__ptext1                 text1        0346
__ptext2                 text2        02BF
__ptext3                 text3        002F
__ptext4                 text4        0264
__ptext5                 text5        0192
__ptext6                 text6        0121
__ptext7                 text7        01FB
__ptext8                 text8        02FA
_bandera                 bssCOMMON    007D
_convvoltaje             bssBANK0     005D
_display1                bssCOMMON    007C
_display2                bssCOMMON    007B
_display3                bssBANK0     0062
_function                text3        002F
_isr                     text6        0121
_main                    maintext     00AA
_setup                   text2        02BF
_tabla                   dataBANK0    0050
_tabla1                  dataBANK0    0046
_tmr0_setup              text1        0346
btemp                    (abs)        007E
end_of_initialization    cinit        002B
function@D1              cstackBANK0  003F
function@digit           cstackBANK0  003D
function@num             cstackBANK0  0031
function@splitarray      cstackBANK0  0037
i1___awdiv               text7        01FB
i1___awdiv@counter       cstackBANK0  0020
i1___awdiv@dividend      cstackCOMMON 0078
i1___awdiv@divisor       cstackCOMMON 0076
i1___awdiv@quotient      cstackBANK0  0022
i1___awdiv@sign          cstackBANK0  0021
init_fetch0              inittext     0333
init_ram0                inittext     0337
interrupt_function       intentry     0004
intlevel0                functab      0000
intlevel1                functab      0000
intlevel2                functab      0000
intlevel3                functab      0000
intlevel4                functab      0000
intlevel5                functab      0000
main@result              cstackBANK1  00A0
reset_vec                reset_vec    0000
saved_w                  (abs)        007E
start                    init         000E
start_initialization     cinit        0011
wtemp0                   (abs)        007E


MODULE INFORMATION

Module		Function		Class		Link	Load	Size
C:\Program Files\Microchip\xc8\v2.35\pic\sources\c90\common\awmod.c
		___awmod       		CODE           	0264	0000	91

C:\Program Files\Microchip\xc8\v2.35\pic\sources\c90\common\awmod.c estimated size: 91

PostLab8.c
		_tmr0_setup    		CODE           	0346	0000	13
		_main          		CODE           	00AA	0000	119
		_function      		CODE           	002F	0000	123
		_isr           		CODE           	0121	0000	113
		_setup         		CODE           	02BF	0000	59

PostLab8.c estimated size: 427

C:\Program Files\Microchip\xc8\v2.35\pic\sources\c90\common\awdiv.c
		___awdiv       		CODE           	0192	0000	105

C:\Program Files\Microchip\xc8\v2.35\pic\sources\c90\common\awdiv.c estimated size: 105

shared
		i1___awdiv     		CODE           	01FB	0000	105
		__initialization		CODE           	0011	0000	26

shared estimated size: 131

C:\Program Files\Microchip\xc8\v2.35\pic\sources\c90\common\Umul16.c
		___wmul        		CODE           	02FA	0000	37

C:\Program Files\Microchip\xc8\v2.35\pic\sources\c90\common\Umul16.c estimated size: 37

